---
source: index-scheduler/src/lib.rs
---
### Autobatching Enabled = false
### Processing Tasks:
[]
----------------------------------------------------------------------
### All Tasks:
0 {uid: 0, status: succeeded, details: { primary_key: None }, kind: IndexCreation { index_uid: "doggos", primary_key: None }}
1 {uid: 1, status: succeeded, details: { deleted_documents: Some(0) }, kind: DocumentClear { index_uid: "doggos" }}
2 {uid: 2, status: succeeded, details: { deleted_documents: Some(0) }, kind: DocumentClear { index_uid: "doggos" }}
3 {uid: 3, status: succeeded, details: { deleted_documents: Some(0) }, kind: DocumentClear { index_uid: "doggos" }}
----------------------------------------------------------------------
### Status:
enqueued []
succeeded [0,1,2,3,]
----------------------------------------------------------------------
### Kind:
"documentDeletion" [1,2,3,]
"indexCreation" [0,]
----------------------------------------------------------------------
### Index Tasks:
doggos [0,1,2,3,]
----------------------------------------------------------------------
### Index Mapper:
["doggos"]
----------------------------------------------------------------------
### Enqueued At:
[timestamp] [0,]
[timestamp] [1,]
[timestamp] [2,]
[timestamp] [3,]
----------------------------------------------------------------------
### Started At:
[timestamp] [0,]
[timestamp] [1,]
[timestamp] [2,]
[timestamp] [3,]
----------------------------------------------------------------------
### Finished At:
[timestamp] [0,]
[timestamp] [1,]
[timestamp] [2,]
[timestamp] [3,]
----------------------------------------------------------------------
### File Store:

----------------------------------------------------------------------

