---
source: index-scheduler/src/lib.rs
---
### Autobatching Enabled = true
### Processing Tasks:
[]
----------------------------------------------------------------------
### All Tasks:
0 {uid: 0, status: succeeded, details: { primary_key: None }, kind: IndexCreation { index_uid: "doggos", primary_key: None }}
1 {uid: 1, status: succeeded, details: { primary_key: None }, kind: IndexCreation { index_uid: "cattos", primary_key: None }}
2 {uid: 2, status: succeeded, details: { deleted_documents: Some(0) }, kind: IndexDeletion { index_uid: "doggos" }}
----------------------------------------------------------------------
### Status:
enqueued []
succeeded [0,1,2,]
----------------------------------------------------------------------
### Kind:
"indexCreation" [0,1,]
"indexDeletion" [2,]
----------------------------------------------------------------------
### Index Tasks:
cattos [1,]
doggos [0,2,]
----------------------------------------------------------------------
### Index Mapper:
["cattos"]
----------------------------------------------------------------------
### Enqueued At:
[timestamp] [0,]
[timestamp] [1,]
[timestamp] [2,]
----------------------------------------------------------------------
### Started At:
[timestamp] [0,]
[timestamp] [1,]
[timestamp] [2,]
----------------------------------------------------------------------
### Finished At:
[timestamp] [0,]
[timestamp] [1,]
[timestamp] [2,]
----------------------------------------------------------------------
### File Store:

----------------------------------------------------------------------

