---
source: index-scheduler/src/lib.rs
---
### Autobatching Enabled = true
### Processing Tasks:
[]
----------------------------------------------------------------------
### All Tasks:
0 {uid: 0, status: canceled, canceled_by: 1, details: { received_documents: 1, indexed_documents: None }, kind: DocumentAdditionOrUpdate { index_uid: "catto", primary_key: None, method: ReplaceDocuments, content_file: 00000000-0000-0000-0000-000000000000, documents_count: 1, allow_index_creation: true }}
1 {uid: 1, status: succeeded, details: { matched_tasks: 1, canceled_tasks: Some(1), original_query: "test_query" }, kind: TaskCancelation { query: "test_query", tasks: RoaringBitmap<[0]> }}
----------------------------------------------------------------------
### Status:
enqueued []
succeeded [1,]
canceled [0,]
----------------------------------------------------------------------
### Kind:
"documentAdditionOrUpdate" [0,]
"taskCancelation" [1,]
----------------------------------------------------------------------
### Index Tasks:
catto [0,]
----------------------------------------------------------------------
### Index Mapper:
["catto"]
----------------------------------------------------------------------
### Enqueued At:
[timestamp] [0,]
[timestamp] [1,]
----------------------------------------------------------------------
### Started At:
[timestamp] [1,]
----------------------------------------------------------------------
### Finished At:
[timestamp] [0,]
[timestamp] [1,]
----------------------------------------------------------------------
### File Store:

----------------------------------------------------------------------

