---
source: index-scheduler/src/lib.rs
---
### Autobatching Enabled = true
### Processing Tasks:
[]
----------------------------------------------------------------------
### All Tasks:
0 {uid: 0, status: succeeded, details: { primary_key: None }, kind: IndexCreation { index_uid: "doggos", primary_key: None }}
1 {uid: 1, status: succeeded, details: { received_documents: 1, indexed_documents: Some(1) }, kind: DocumentAdditionOrUpdate { index_uid: "doggos", primary_key: Some("id"), method: ReplaceDocuments, content_file: 00000000-0000-0000-0000-000000000000, documents_count: 1, allow_index_creation: false }}
2 {uid: 2, status: succeeded, details: { received_documents: 1, indexed_documents: Some(1) }, kind: DocumentAdditionOrUpdate { index_uid: "doggos", primary_key: Some("id"), method: ReplaceDocuments, content_file: 00000000-0000-0000-0000-000000000001, documents_count: 1, allow_index_creation: false }}
3 {uid: 3, status: succeeded, details: { received_documents: 1, indexed_documents: Some(1) }, kind: DocumentAdditionOrUpdate { index_uid: "doggos", primary_key: Some("id"), method: ReplaceDocuments, content_file: 00000000-0000-0000-0000-000000000002, documents_count: 1, allow_index_creation: false }}
4 {uid: 4, status: succeeded, details: { received_documents: 1, indexed_documents: Some(1) }, kind: DocumentAdditionOrUpdate { index_uid: "doggos", primary_key: Some("id"), method: ReplaceDocuments, content_file: 00000000-0000-0000-0000-000000000003, documents_count: 1, allow_index_creation: false }}
5 {uid: 5, status: succeeded, details: { received_documents: 1, indexed_documents: Some(1) }, kind: DocumentAdditionOrUpdate { index_uid: "doggos", primary_key: Some("id"), method: ReplaceDocuments, content_file: 00000000-0000-0000-0000-000000000004, documents_count: 1, allow_index_creation: false }}
6 {uid: 6, status: succeeded, details: { received_documents: 1, indexed_documents: Some(1) }, kind: DocumentAdditionOrUpdate { index_uid: "doggos", primary_key: Some("id"), method: ReplaceDocuments, content_file: 00000000-0000-0000-0000-000000000005, documents_count: 1, allow_index_creation: false }}
7 {uid: 7, status: succeeded, details: { received_documents: 1, indexed_documents: Some(1) }, kind: DocumentAdditionOrUpdate { index_uid: "doggos", primary_key: Some("id"), method: ReplaceDocuments, content_file: 00000000-0000-0000-0000-000000000006, documents_count: 1, allow_index_creation: false }}
8 {uid: 8, status: succeeded, details: { received_documents: 1, indexed_documents: Some(1) }, kind: DocumentAdditionOrUpdate { index_uid: "doggos", primary_key: Some("id"), method: ReplaceDocuments, content_file: 00000000-0000-0000-0000-000000000007, documents_count: 1, allow_index_creation: false }}
9 {uid: 9, status: succeeded, details: { received_documents: 1, indexed_documents: Some(1) }, kind: DocumentAdditionOrUpdate { index_uid: "doggos", primary_key: Some("id"), method: ReplaceDocuments, content_file: 00000000-0000-0000-0000-000000000008, documents_count: 1, allow_index_creation: false }}
10 {uid: 10, status: succeeded, details: { received_documents: 1, indexed_documents: Some(1) }, kind: DocumentAdditionOrUpdate { index_uid: "doggos", primary_key: Some("id"), method: ReplaceDocuments, content_file: 00000000-0000-0000-0000-000000000009, documents_count: 1, allow_index_creation: false }}
----------------------------------------------------------------------
### Status:
enqueued []
succeeded [0,1,2,3,4,5,6,7,8,9,10,]
----------------------------------------------------------------------
### Kind:
"documentAdditionOrUpdate" [1,2,3,4,5,6,7,8,9,10,]
"indexCreation" [0,]
----------------------------------------------------------------------
### Index Tasks:
doggos [0,1,2,3,4,5,6,7,8,9,10,]
----------------------------------------------------------------------
### Index Mapper:
["doggos"]
----------------------------------------------------------------------
### Enqueued At:
[timestamp] [0,]
[timestamp] [1,]
[timestamp] [2,]
[timestamp] [3,]
[timestamp] [4,]
[timestamp] [5,]
[timestamp] [6,]
[timestamp] [7,]
[timestamp] [8,]
[timestamp] [9,]
[timestamp] [10,]
----------------------------------------------------------------------
### Started At:
[timestamp] [0,]
[timestamp] [1,2,3,4,5,6,7,8,9,10,]
----------------------------------------------------------------------
### Finished At:
[timestamp] [0,]
[timestamp] [1,2,3,4,5,6,7,8,9,10,]
----------------------------------------------------------------------
### File Store:

----------------------------------------------------------------------

